<?xml version='1.0' encoding='UTF-8'?>
<testsuites name="results">
  <testsuite name="all" package="all" tests="0">
    <testcase classname="basil.utils.sim.Test" name="bringup_test" time="0.0">
      <skipped />
    </testcase>
    <testcase classname="basil.utils.sim.Test" name="socket_test" time="1.466386079788208" />
  </testsuite>
</testsuites>
